// Jest Snapshot v1, https://goo.gl/fbAQLP

exports[`PSM should render correctly 1`] = `
<div>
  <div
    class="password-wrapper"
    style="text-align: center;"
  >
    <div
      class="password-title-container"
    >
      <div
        class="password-title"
      >
        Password
      </div>
      <div
        class="password-warning"
        id="password-warning"
      >
        Password is required
      </div>
    </div>
    <div
      class="password-instructions"
    >
      <div>
        You need at least one special character, one number, one uppercase letter and one lowercase character.
      </div>
      <div>
         
         Also a minium of 7
        characters.
      </div>
    </div>
    <div
      class="password-bar-container-hidden"
    >
      <div
        class="password-bar bad-password"
        id="password-one"
      />
      <div
        class="password-bar "
        id="password-one"
      />
      <div
        class="password-bar "
        id="password-one"
      />
      <div
        class="password-bar "
        id="password-one"
      />
    </div>
    <input
      autocomplete="off"
      class="password-input-1"
      name="password"
      placeholder="Enter Password"
      type="password"
      value=""
    />
    <input
      autocomplete="off"
      class="password-input-1"
      name="confirm"
      placeholder="Confirm Password"
      type="password"
      value=""
    />
    <div
      class="int-score"
    >
      Score 0
    </div>
    <div />
  </div>
</div>
`;
