// Jest Snapshot v1, https://goo.gl/fbAQLP

exports[`Confirm not pass a title 1`] = `<div />`;

exports[`Confirm render with more info 1`] = `<div />`;

exports[`Confirm should render correctly 1`] = `<div />`;

exports[`Confirm should render with more info 1`] = `<div />`;

exports[`Confirm should render without a title 1`] = `<div />`;
